src/components/files/FileUploadZone.tsx(24,51): error TS2339: Property 'env' does not exist on type 'ImportMeta'.
src/lib/api.ts(3,30): error TS2339: Property 'env' does not exist on type 'ImportMeta'.
src/lib/supabase.ts(3,33): error TS2339: Property 'env' does not exist on type 'ImportMeta'.
src/lib/supabase.ts(4,37): error TS2339: Property 'env' does not exist on type 'ImportMeta'.
src/pages/OnboardingPage.tsx(14,20): error TS2307: Cannot find module '../../lib/utils' or its corresponding type declarations.
